v1 bsearch 3PCF rmax=30...
v1 bsearch 4PCF rmax=30...
  -> 3pcf 0.107s  4pcf 0.63s
v1 bsearch 3PCF rmax=40...
v1 bsearch 4PCF rmax=40...
  -> 3pcf 0.408s  4pcf 6.771s
v1 bsearch 3PCF rmax=50...
v1 bsearch 4PCF rmax=50...
  -> 3pcf 1.518s  4pcf 48.808s
v1 bsearch 3PCF rmax=60...
v1 bsearch 4PCF rmax=60...
  -> 3pcf 4.847s  4pcf 255.75s
v1 bsearch 3PCF rmax=70...
v1 bsearch 4PCF rmax=70...
  -> 3pcf 13.036s  4pcf 1043.576s
v1 bsearch 3PCF rmax=80...
  -> 3pcf 29.995s  4pcf Nones
v1 bsearch 3PCF rmax=90...
  -> 3pcf 61.534s  4pcf Nones
v1 bsearch 3PCF rmax=100...
  -> 3pcf 114.779s  4pcf Nones
threads=1: 3PCF rmax=70...
threads=1: 4PCF rmax=40...
  -> 3pcf 220.528s  4pcf 119.043s
threads=2: 3PCF rmax=70...
threads=2: 4PCF rmax=40...
  -> 3pcf 112.849s  4pcf 59.88s
threads=4: 3PCF rmax=70...
threads=4: 4PCF rmax=40...
  -> 3pcf 56.934s  4pcf 30.306s
threads=8: 3PCF rmax=70...
threads=8: 4PCF rmax=40...
  -> 3pcf 29.007s  4pcf 15.35s
threads=16: 3PCF rmax=70...
threads=16: 4PCF rmax=40...
  -> 3pcf 14.675s  4pcf 7.764s
threads=32: 3PCF rmax=70...
threads=32: 4PCF rmax=40...
  -> 3pcf 7.555s  4pcf 4.01s
threads=64: 3PCF rmax=70...
threads=64: 4PCF rmax=40...
  -> 3pcf 4.539s  4pcf 2.499s
GPU refs: 2.283s / 1.165s
frac=0.125: GPU 3PCF rmax=80...
frac=0.125: CPU 3PCF rmax=80...
frac=0.125: GPU 4PCF rmax=50...
frac=0.125: CPU 4PCF rmax=50...
  -> {'frac': 0.125, 'gpu_3pcf': 0.184, 'cpu_3pcf': 0.029, 'gpu_4pcf': 0.157, 'cpu_4pcf': 0.016}
frac=0.25: GPU 3PCF rmax=80...
frac=0.25: CPU 3PCF rmax=80...
frac=0.25: GPU 4PCF rmax=50...
frac=0.25: CPU 4PCF rmax=50...
  -> {'frac': 0.25, 'gpu_3pcf': 0.307, 'cpu_3pcf': 0.159, 'gpu_4pcf': 0.259, 'cpu_4pcf': 0.086}
frac=0.5: GPU 3PCF rmax=80...
frac=0.5: CPU 3PCF rmax=80...
frac=0.5: GPU 4PCF rmax=50...
frac=0.5: CPU 4PCF rmax=50...
  -> {'frac': 0.5, 'gpu_3pcf': 0.823, 'cpu_3pcf': 1.187, 'gpu_4pcf': 0.617, 'cpu_4pcf': 1.039}
frac=1.0: GPU 3PCF rmax=80...
frac=1.0: CPU 3PCF rmax=80...
frac=1.0: GPU 4PCF rmax=50...
frac=1.0: CPU 4PCF rmax=50...
  -> {'frac': 1.0, 'gpu_3pcf': 3.698, 'cpu_3pcf': 9.507, 'gpu_4pcf': 2.595, 'cpu_4pcf': 15.772}
wrote /home/csabiu/codes/Gramsci_gpu/Gramsci/analysis/benchmarks/benchmarks2.json
